// Jest Snapshot v1, https://goo.gl/fbAQLP

exports[`index.usesdocker works 1`] = `
"

  index
    âœ“ works


  1 passing

------------------|---------|----------|---------|---------|-------------------
File              | % Stmts | % Branch | % Funcs | % Lines | Uncovered Line #s 
------------------|---------|----------|---------|---------|-------------------
All files         |       0 |      100 |       0 |       0 |                   
 index.dockerfile |       0 |      100 |     100 |       0 | 0                 
 index.spec.js    |       0 |      100 |       0 |       0 | 1-7               
------------------|---------|----------|---------|---------|-------------------"
`;
